5
10
3.14000e+00
5
4
3
2
1
b est supérieur à 5
b est positif
b est égale à 10
