ulp(3.14000e+00) = 2.38419e-07
ulp(1.00000e+00) = 1.19209e-07
ulp(0.00000e+00) = 0.00000e+00
ulp(3.40282e+38) = 3.40282e+38
